  Individuazione dei progetti da ripristinare...
  Tutti i progetti sono aggiornati per il ripristino.
C:\Users\biagio.scaglia\Desktop\gioco\Program.cs(281,13): error CS0103: Il nome 'gameLevel' non esiste nel contesto corrente [C:\Users\biagio.scaglia\Desktop\gioco\gioco.csproj]

Compilazione NON RIUSCITA.

C:\Users\biagio.scaglia\Desktop\gioco\Program.cs(281,13): error CS0103: Il nome 'gameLevel' non esiste nel contesto corrente [C:\Users\biagio.scaglia\Desktop\gioco\gioco.csproj]
    Avvisi: 0
    Errori: 1

Tempo trascorso 00:00:02.74
